<html>
<body>
<pre>
<h1>µVision Build Log</h1>
<h2>Project:</h2>
D:\kikito\PUCP_CURSOS\2022-2\SISTEMAS\PROYECTO\2022\PROYECTO_01_2022_maestro\PROYECT_01.uvproj
Project File Date:  11/09/2022

<h2>Output:</h2>
Rebuild target 'Target 1'
assembling startup.s...
compiling main.c...
main.c(139): warning:  #951-D: return type of function "main" must be "int"
  void main(void){
main.c(221): warning:  #1-D: last line of file ends without a newline
  }
main.c(155): warning:  #177-D: variable "mensaje12" was declared but never referenced
        uint8_t mensaje12[]="\n\r'p' para parar\n\r";
main.c(156): warning:  #177-D: variable "mensaje13" was declared but never referenced
        uint8_t mensaje13[]="\n\r'q' para salir de este modo\n\r";
main.c(157): warning:  #177-D: variable "mensaje14" was declared but never referenced
        uint8_t mensaje14[]="\n\rIngreso a Modo Control Manual del Carro\n\r";
main.c(160): warning:  #177-D: variable "mensaje17" was declared but never referenced
        uint8_t mensaje17[]="\n\rPresione 'g' para empezar\n\r";
main.c: 6 warnings, 0 errors
linking...
Program Size: Code=2224 RO-data=16 RW-data=0 ZI-data=1024  
".\PROYECT_01.axf" - 0 Error(s), 6 Warning(s).
</pre>
</body>
</html>
